START predyadic_raw66
PASS predyadic_raw66
START p7_genuine_source
PASS p7_genuine_source
START odd_subgroup_envelope
PASS odd_subgroup_envelope
START dyadic_curve_charts
PASS dyadic_curve_charts
START dyadic_P2_kernel_carrier3
PASS dyadic_P2_kernel_carrier3
START dyadic_P2_kernel_carrier4
PASS dyadic_P2_kernel_carrier4
START dyadic_P5_kernel_carrier3
PASS dyadic_P5_kernel_carrier3
START dyadic_P5_kernel_carrier4
PASS dyadic_P5_kernel_carrier4
START dyadic_finite_reconstruction
PASS dyadic_finite_reconstruction
START dyadic_quotient_characters
PASS dyadic_quotient_characters
START p7_finite_carriers
PASS p7_finite_carriers
START p7_cycle3_N100
PASS p7_cycle3_N100
START p7_cycle3_N120
PASS p7_cycle3_N120
START p7_cycle1_N100
PASS p7_cycle1_N100
START minimal_sage_intersection
PASS minimal_sage_intersection
START independent_integer_final_join
PASS independent_integer_final_join
PASS_FRESH_RANK_LOCAL_COMPONENT
