START v3_integrity_and_interfaces
PASS v3_integrity_and_interfaces
START signed-global-algebra
PASS signed-global-algebra
START rational-factor-sector
PASS rational-factor-sector
START quadratic-factor-router
PASS quadratic-factor-router
START quadratic-factor-terminal
PASS quadratic-factor-terminal
START cubic-quartic-section7-sector
PASS cubic-quartic-section7-sector
START rational-parameter-sieve-and-lifts
PASS rational-parameter-sieve-and-lifts
START irreducible-septic-sector
PASS irreducible-septic-sector
START hilbert-hecke-filter-coverage
PASS hilbert-hecke-filter-coverage
START hilbert-hecke-ambient-coverage
PASS hilbert-hecke-ambient-coverage
START putz-pvt-interface
PASS putz-pvt-interface
START independent_hecke_input_foundations
PASS independent_hecke_input_foundations
START independent_fano_resolvent_foundation
PASS independent_fano_resolvent_foundation
PASS_FRESH_TEN_SECTORS_AND_INTERFACES
