{
  "status": "PASS_CORRECTED_H1_FIVE_SATURATION_CHARACTERS",
  "basis": [
    "D2",
    "E",
    "D4",
    "D5"
  ],
  "relation": "5E=D3+D4+3D5",
  "rows": [
    [
      1,
      22,
      22,
      16
    ],
    [
      1,
      19,
      1,
      12
    ],
    [
      1,
      3,
      2,
      7
    ],
    [
      1,
      24,
      20,
      20
    ]
  ],
  "determinant_mod5": 4,
  "good_reduction_order": 150039,
  "no5_torsion": true,
  "deduction": "H1 is 5-saturated. The separate rank4 upper bound supplies finite index. This does not assert H0=<D2,D3,D4,D5> is 5-saturated."
}
