ADDITIONAL_QUARTIC_ABSOLUTE_POLYNOMIAL_BINDING=1
L_IMAGE_READY=1
L_IMAGE_READY=2
L_IMAGE_READY=3
L_IMAGE_READY=4
L_IMAGE_READY=5
L_IMAGE_READY=6
L_IMAGE_READY=7
L_IMAGE_READY=8
L_IMAGE_READY=9
L_IMAGE_READY=10
L_IMAGE_READY=11
L_IMAGE_READY=12
L_IMAGE_READY=13
L_IMAGE_READY=14
L_IMAGE_READY=15
L_IMAGE_READY=16
L_IMAGE_READY=17
L_IMAGE_READY=18
L_IMAGE_READY=19
L_IMAGE_READY=20
L_IMAGE_READY=21
L_IMAGE_READY=22
L_IMAGE_READY=23
L_IMAGE_READY=24
L_IMAGE_READY=25
L_IMAGE_READY=26
L_IMAGE_READY=27
F_IMAGE_READY=1
F_IMAGE_READY=2
F_IMAGE_READY=3
F_IMAGE_READY=4
F_IMAGE_READY=5
F_IMAGE_READY=6
F_IMAGE_READY=7
F_IMAGE_READY=8
F_IMAGE_READY=9
F_IMAGE_READY=10
F_IMAGE_READY=11
F_IMAGE_READY=12
F_IMAGE_READY=13
F_IMAGE_READY=14
F_IMAGE_READY=15
F_IMAGE_READY=16
F_IMAGE_READY=17
F_IMAGE_READY=18
F_IMAGE_READY=19
F_IMAGE_READY=20
DOMAIN_FREE_RANKS=[27, 20]
IMAGE_FREE_RANK=47
L_DOMAIN_SQUARECLASS_RANK=28
F_DOMAIN_SQUARECLASS_RANK=21
DISCOVERY_CLASS_DATA_NOT_USED=[1, [], 1, []]
STATUS=PASS_J27_UNIT_IMAGES_V1
