P3 original [2, 98, 1, 97, 0]
P4 original [2, 98, 1, 91, 6]
P4 original [3, 294, 0, 252, 42]
P4 original [4, 686, 0, 588, 98]
P4 original [5, 686, 0, 686, 0]
P5 original [2, 98, 1, 97, 0]
P6 original [2, 98, 1, 97, 0]
P7 original [2, 98, 1, 97, 0]
P8 original [2, 98, 1, 97, 0]
P9 original [2, 98, 1, 91, 6]
P9 original [3, 294, 0, 252, 42]
P9 original [4, 686, 0, 588, 98]
P9 original [5, 686, 0, 686, 0]
P10 original [2, 98, 1, 91, 6]
P10 original [3, 294, 0, 252, 42]
P10 original [4, 686, 0, 588, 98]
P10 original [5, 686, 0, 686, 0]
P11 original [2, 98, 1, 91, 6]
P11 original [3, 294, 0, 252, 42]
P11 original [4, 686, 0, 588, 98]
P11 original [5, 686, 0, 686, 0]
P12 original [2, 98, 1, 91, 6]
P12 original [3, 294, 0, 252, 42]
P12 original [4, 686, 0, 588, 98]
P12 original [5, 686, 0, 686, 0]
[
  {
    "label": "P3",
    "strict": false,
    "levels": [
      [
        2,
        98,
        1,
        97,
        0
      ]
    ],
    "unsafe_count": 0,
    "unsafe_examples": [],
    "negative_beta_count": 6,
    "negative_beta_examples": [
      [
        2,
        "(0)+(0)*theta",
        "(0)+(1)*theta",
        -1,
        1
      ],
      [
        2,
        "(0)+(0)*theta",
        "(0)+(2)*theta",
        -1,
        1
      ],
      [
        2,
        "(0)+(0)*theta",
        "(0)+(3)*theta",
        -1,
        1
      ],
      [
        2,
        "(0)+(0)*theta",
        "(0)+(4)*theta",
        -1,
        1
      ],
      [
        2,
        "(0)+(0)*theta",
        "(0)+(5)*theta",
        -1,
        1
      ]
    ]
  },
  {
    "label": "P4",
    "strict": false,
    "levels": [
      [
        2,
        98,
        1,
        91,
        6
      ],
      [
        3,
        294,
        0,
        252,
        42
      ],
      [
        4,
        686,
        0,
        588,
        98
      ],
      [
        5,
        686,
        0,
        686,
        0
      ]
    ],
    "unsafe_count": 0,
    "unsafe_examples": [],
    "negative_beta_count": 0,
    "negative_beta_examples": []
  },
  {
    "label": "P5",
    "strict": false,
    "levels": [
      [
        2,
        98,
        1,
        97,
        0
      ]
    ],
    "unsafe_count": 0,
    "unsafe_examples": [],
    "negative_beta_count": 0,
    "negative_beta_examples": []
  },
  {
    "label": "P6",
    "strict": false,
    "levels": [
      [
        2,
        98,
        1,
        97,
        0
      ]
    ],
    "unsafe_count": 0,
    "unsafe_examples": [],
    "negative_beta_count": 0,
    "negative_beta_examples": []
  },
  {
    "label": "P7",
    "strict": false,
    "levels": [
      [
        2,
        98,
        1,
        97,
        0
      ]
    ],
    "unsafe_count": 0,
    "unsafe_examples": [],
    "negative_beta_count": 6,
    "negative_beta_examples": [
      [
        2,
        "(0)+(0)*theta",
        "(0)+(0)*theta",
        -1,
        1
      ],
      [
        2,
        "(0)+(0)*theta",
        "(0)+(1)*theta",
        -1,
        1
      ],
      [
        2,
        "(0)+(0)*theta",
        "(0)+(2)*theta",
        -1,
        1
      ],
      [
        2,
        "(0)+(0)*theta",
        "(0)+(3)*theta",
        -1,
        1
      ],
      [
        2,
        "(0)+(0)*theta",
        "(0)+(4)*theta",
        -1,
        1
      ]
    ]
  },
  {
    "label": "P8",
    "strict": false,
    "levels": [
      [
        2,
        98,
        1,
        97,
        0
      ]
    ],
    "unsafe_count": 0,
    "unsafe_examples": [],
    "negative_beta_count": 6,
    "negative_beta_examples": [
      [
        2,
        "(0)+(0)*theta",
        "(0)+(0)*theta",
        -1,
        1
      ],
      [
        2,
        "(0)+(0)*theta",
        "(0)+(1)*theta",
        -1,
        1
      ],
      [
        2,
        "(0)+(0)*theta",
        "(0)+(3)*theta",
        -1,
        1
      ],
      [
        2,
        "(0)+(0)*theta",
        "(0)+(4)*theta",
        -1,
        1
      ],
      [
        2,
        "(0)+(0)*theta",
        "(0)+(5)*theta",
        -1,
        1
      ]
    ]
  },
  {
    "label": "P9",
    "strict": false,
    "levels": [
      [
        2,
        98,
        1,
        91,
        6
      ],
      [
        3,
        294,
        0,
        252,
        42
      ],
      [
        4,
        686,
        0,
        588,
        98
      ],
      [
        5,
        686,
        0,
        686,
        0
      ]
    ],
    "unsafe_count": 0,
    "unsafe_examples": [],
    "negative_beta_count": 0,
    "negative_beta_examples": []
  },
  {
    "label": "P10",
    "strict": false,
    "levels": [
      [
        2,
        98,
        1,
        91,
        6
      ],
      [
        3,
        294,
        0,
        252,
        42
      ],
      [
        4,
        686,
        0,
        588,
        98
      ],
      [
        5,
        686,
        0,
        686,
        0
      ]
    ],
    "unsafe_count": 0,
    "unsafe_examples": [],
    "negative_beta_count": 0,
    "negative_beta_examples": []
  },
  {
    "label": "P11",
    "strict": false,
    "levels": [
      [
        2,
        98,
        1,
        91,
        6
      ],
      [
        3,
        294,
        0,
        252,
        42
      ],
      [
        4,
        686,
        0,
        588,
        98
      ],
      [
        5,
        686,
        0,
        686,
        0
      ]
    ],
    "unsafe_count": 0,
    "unsafe_examples": [],
    "negative_beta_count": 0,
    "negative_beta_examples": []
  },
  {
    "label": "P12",
    "strict": false,
    "levels": [
      [
        2,
        98,
        1,
        91,
        6
      ],
      [
        3,
        294,
        0,
        252,
        42
      ],
      [
        4,
        686,
        0,
        588,
        98
      ],
      [
        5,
        686,
        0,
        686,
        0
      ]
    ],
    "unsafe_count": 0,
    "unsafe_examples": [],
    "negative_beta_count": 0,
    "negative_beta_examples": []
  }
]
