INDEPENDENT_EXACT_WITNESSES_REPLAYED=100
INDEPENDENT_EXACT_WITNESSES_REPLAYED=200
INDEPENDENT_EXACT_WITNESSES_REPLAYED=300
INDEPENDENT_EXACT_WITNESSES_REPLAYED=400
INDEPENDENT_EXACT_WITNESSES_REPLAYED=500
INDEPENDENT_EXACT_WITNESSES_REPLAYED=600
INDEPENDENT_EXACT_WITNESSES_REPLAYED=700
INDEPENDENT_EXACT_WITNESSES_REPLAYED=800
INDEPENDENT_EXACT_WITNESSES_REPLAYED=900
INDEPENDENT_EXACT_WITNESSES_REPLAYED=1000
INDEPENDENT_EXACT_WITNESSES_REPLAYED=1100
INDEPENDENT_EXACT_WITNESSES_REPLAYED=1200
INDEPENDENT_EXACT_WITNESSES_REPLAYED=1300
INDEPENDENT_EXACT_WITNESSES_REPLAYED=1400
INDEPENDENT_EXACT_WITNESSES_REPLAYED=1500
INDEPENDENT_EXACT_WITNESSES_REPLAYED=1600
INDEPENDENT_EXACT_WITNESSES_REPLAYED=1700
INDEPENDENT_EXACT_WITNESSES_REPLAYED=1800
INDEPENDENT_EXACT_WITNESSES_REPLAYED=1900
INDEPENDENT_EXACT_WITNESSES_REPLAYED=2000
INDEPENDENT_EXACT_WITNESSES_REPLAYED=2100
INDEPENDENT_EXACT_WITNESSES_REPLAYED=2200
INDEPENDENT_EXACT_WITNESSES_REPLAYED=2300
INDEPENDENT_EXACT_WITNESSES_REPLAYED=2400
INDEPENDENT_EXACT_WITNESSES_REPLAYED=2500
INDEPENDENT_EXACT_WITNESSES_REPLAYED=2600
INDEPENDENT_EXACT_WITNESSES_REPLAYED=2700
INDEPENDENT_EXACT_WITNESSES_REPLAYED=2800
INDEPENDENT_EXACT_WITNESSES_REPLAYED=2900
INDEPENDENT_EXACT_WITNESSES_REPLAYED=3000
INDEPENDENT_EXACT_WITNESSES_REPLAYED=3100
INDEPENDENT_EXACT_WITNESSES_REPLAYED=3200
INDEPENDENT_EXACT_PRIME_IDEAL_COUNT=3216
INDEPENDENT_EXACT_HNF_EQUALITIES=3216
INDEPENDENT_EXACT_FACTOR_BACK_EQUALITIES=3216
STATUS=PASS_T21_PRIME_GENERATORS_NORM30000_INDEPENDENT_REPLAY_V1
