CLEAN_EXTRACTION=EMPTY_ROOT_WRITABLE_EPHEMERAL_RELEASE
ORIGINAL_WORKSPACE=ABSENT
EXIT=0
WALL_SECONDS=2489.040337
ORIGINAL_WORKSPACE_PATH_VISIBLE=0
SECTION7_KUMMER_REPAIR=PASS_INDEPENDENT_RANK4_MOD2_WITNESS
===== BEGIN signed-global-algebra =====
COMMAND=/release/scripts/portable_python.py -B /release/repository/results/2026-09-09_signed_global_algebra_superselection_audit_v8/scripts/verify_signed_global_algebra_superselection_audit_v8.py
EXIT=0 WALL_SECONDS=0.365081
{
  "discriminant_squareclass": "-7",
  "global_degree_sectors": [
    [
      7
    ],
    [
      1,
      6
    ],
    [
      2,
      5
    ],
    [
      3,
      4
    ]
  ],
  "product_exclusion_claimed": false,
  "quantum_mechanical_axioms_used": false,
  "real_signature": [
    1,
    3
  ],
  "status": "PASS_SIGNED_GLOBAL_ALGEBRA_SUPERSELECTION_AUDIT_V8"
}
===== END signed-global-algebra =====
===== BEGIN rational-factor-sector =====
COMMAND=/release/scripts/portable_python.py -B /release/repository/results/2026-09-10_rational_factor_proposition_6_1_composition_v2/scripts/verify_rational_factor_proposition_6_1_checkpoint_v2.py
EXIT=0 WALL_SECONDS=0.109561
{
  "elementary_result_sha256": "ca14677173f5cda42a09f399f564092015cd5372fa9c5c096c0df1292565d285",
  "gp_markers": 6,
  "imported_manifest_rows": {
    "results/2026-09-09_rational_factor_local_lemma_6_8_v1/manifests/RATIONAL_FACTOR_LOCAL_LEMMA_6_8_V1_SHA256SUMS.txt": 5,
    "results/2026-09-09_rational_factor_mw_basis_attack_v1/manifests/RATIONAL_FACTOR_MW_BASIS_CHECKPOINT_V1_SHA256SUMS.txt": 13,
    "results/2026-09-09_rational_factor_static_sieve_v1/manifests/RATIONAL_FACTOR_STATIC_SIEVE_V1_SHA256SUMS.txt": 9
  },
  "magma_c3_points": [
    [
      -2,
      -540
    ],
    [
      -2,
      540
    ]
  ],
  "magma_challenge_same_points": true,
  "package_manifest_rows": 10,
  "preseal": false,
  "status": "PASS_RATIONAL_FACTOR_PROPOSITION_6_1_CHECKPOINT_REPLAY_V2_PROJECTIVE_BOUNDARY_REPAIRED"
}
CHECKPOINT_RESULT_SHA256=2f32b141afee43a5f5402474e3d8b08b8cd359bceaef5134c504d4e715e64581
===== END rational-factor-sector =====
===== BEGIN quadratic-factor-router =====
COMMAND=/release/scripts/portable_python.py -B /release/repository/results/2026-09-09_quadratic_factor_router_2_5_v1/scripts/verify_quadratic_factor_router_2_5.py
EXIT=0 WALL_SECONDS=0.034444
SEPTIC_IDENTITIES=PASS_DERIVATIVE_AND_DISCRIMINANT
OFF_SUPPORT_RAMIFICATION=PASS_FOUR_SPECIALIZED_HENSEL_MODELS
DYADIC_COMPONENTS=PASS_124_OR_133_AND_QUADRATIC_FACTOR_INERT
SEPTIC_COMPONENTS=PASS_7_16_25_34_AND_ONLY_25_HAS_QUADRATIC_FACTOR
GLOBAL_QUADRATIC_ENUMERATION=PASS_MINUS3_MINUS35_THEN_UNIQUE_MINUS35
QUINTIC_DATABASE_DEPENDENCE=ZERO
QUADRATIC_FACTOR_ROUTER_2_5=PASS_EXACT_DATABASE_FREE
===== END quadratic-factor-router =====
===== BEGIN quadratic-factor-terminal =====
COMMAND=/release/scripts/portable_python.py -B /release/repository/results/2026-09-09_quadratic_factor_2_5_reconstruction_v1/scripts/verify_quadratic_factor_2_5_reconstruction.py
EXIT=0 WALL_SECONDS=0.048552
CRT_CLASS_COMPONENTS=PASS_40_41_42
MAGMA_TRANSCRIPTS=PASS_THREE_COMPONENTS
GLOBAL_INDEX_DISCHARGE=PASS_ALL_R_PRIMES_AT_MOST_97_SATURATED
D_RATIONAL_POINTS=PASS_EXACT_SIX
TERMINAL_FIFTH_OVER_SEVENTH_POWER_OBSTRUCTIONS=PASS
VERIFY_STATUS=PASS_QUADRATIC_FACTOR_2_5_RECONSTRUCTION
===== END quadratic-factor-terminal =====
===== BEGIN cubic-quartic-section7-sector =====
COMMAND=/release/scripts/portable_python.py -B /release/repository/results/2026-09-10_section7_proposition_7_1_closure_v2_model_intrinsic/scripts/verify_section7_proposition_7_1_closure_v2.py
PORTABLE_MINIMUM_CHILD_TIMEOUT=1800
EXIT=0 WALL_SECONDS=1618.918757
SECTION7_PROPOSITION_7_1_CLOSURE_V2=PASS_ROUTER_LEMMAS_7_3_7_4_MODEL_INTRINSIC_7_5_AND_TERMINAL DEPENDENCY_ROWS=27 OWN_ROWS=4 MODE=ORDINARY
===== END cubic-quartic-section7-sector =====
===== BEGIN rational-parameter-sieve-and-lifts =====
COMMAND=/release/scripts/portable_python.py -B /release/repository/results/2026-09-08_mixed_rational_t_signature_357_closure_v1/scripts/verify_mixed_rational_t_signature_357_closure_v1.py
EXIT=0 WALL_SECONDS=27.385260
PASS_MIXED_RATIONAL_T_SIGNATURE_357_CLOSURE_EXACT_FIVE_BRANCH_POINTS
===== END rational-parameter-sieve-and-lifts =====
===== BEGIN irreducible-septic-sector =====
COMMAND=/release/scripts/portable_python.py -B /release/repository/results/2026-09-10_irreducible_degree7_sector_closure_v1/scripts/verify_irreducible_degree7_sector_closure_v1.py
EXIT=0 WALL_SECONDS=85.920813
IRREDUCIBLE_DEGREE7_SECTOR_CLOSURE=PASS_EXACT_PUTZ_SEVEN_FIELDS_PURE_RATIONAL_PARAMETER_AND_EXCEPTIONAL_Q29 DEPENDENCY_ROWS=46 OWN_ROWS=5 DEEP_REPLAY=0
===== END irreducible-septic-sector =====
===== BEGIN hilbert-hecke-filter-coverage =====
COMMAND=/usr/bin/python3 -B /release/scripts/verify_hilbert_hecke_filter_coverage.py
EXIT=0 WALL_SECONDS=0.176740
PASS: 6253 polynomials at 37 primes independently parsed and matched the compressed Magma data.
UPSTREAM_GFE_5P3_SNAPSHOT=PASS_COMMIT_E88F914C577AB6CF9A45E5CDD82C1993477FB423
LOCAL_CASE_TRICHOTOMY=ORDINARY_T0_TINFINITY_PLUS_LEVEL_LOWERING
GENERATOR_LOOPS=PASS_ALL_T_IN_FELL_MINUS_0_1_AND_ALL_5_PLUS_3_DEGENERATE_CHARACTER_VALUES
ARCHIVED_PRECEDING_FILTERS=17_EXACT_1_UNSOUND_AT_ELL_131
ELL_131_DEFECT=ARCHIVED_FILTER_OMITS_LEVEL_LOWERING_TRACE_1_MOD_7
COVERAGE_REPAIR=REPLACE_ELL_131_FILTER_BY_X49_MINUS_X_NO_FILTER
FILTER_SOUNDNESS_SCOPE=PUBLISHED_LOCAL_TRACE_FORMULAS_AND_LEVEL_LOWERING_CONGRUENCE_IMPORTED
PASS_HILBERT_HECKE_FILTER_AUDIT_WITH_REQUIRED_ELL131_CONSERVATIVE_REPAIR
===== END hilbert-hecke-filter-coverage =====
===== BEGIN hilbert-hecke-ambient-coverage =====
COMMAND=/usr/bin/python3 -B /release/scripts/verify_hilbert_hecke_ambient_coverage.py
EXIT=0 WALL_SECONDS=185.767125
===== BEGIN CONSERVATIVE FILTERED AMBIENT LEVEL 22 =====
all 190 pairwise integer Hecke commutativity checks: PASS (0.029 seconds)
after ell=11 (degree 33): full intersection=33; cuspidal upper bound=32; 0.001 seconds
after ell=13 (degree 7): full intersection=33; cuspidal upper bound=32; 0.000 seconds
after ell=17 (degree 7): full intersection=33; cuspidal upper bound=32; 0.000 seconds
after ell=19 (degree 34): full intersection=24; cuspidal upper bound=23; 0.001 seconds
after ell=29 (degree 35): full intersection=17; cuspidal upper bound=16; 0.001 seconds
after ell=31 (degree 42): full intersection=13; cuspidal upper bound=12; 0.001 seconds
after ell=41 (degree 38): full intersection=13; cuspidal upper bound=12; 0.001 seconds
after ell=59 (degree 37): full intersection=9; cuspidal upper bound=8; 0.002 seconds
after ell=61 (degree 39): full intersection=9; cuspidal upper bound=8; 0.002 seconds
after ell=71 (degree 43): full intersection=9; cuspidal upper bound=8; 0.002 seconds
after ell=79 (degree 44): full intersection=9; cuspidal upper bound=8; 0.009 seconds
after ell=89 (degree 47): full intersection=9; cuspidal upper bound=8; 0.003 seconds
after ell=101 (degree 48): full intersection=9; cuspidal upper bound=8; 0.003 seconds
after ell=109 (degree 48): full intersection=9; cuspidal upper bound=8; 0.003 seconds
after ell=131 (degree 49): full intersection=9; cuspidal upper bound=8; 0.003 seconds
after ell=139 (degree 49): full intersection=9; cuspidal upper bound=8; 0.003 seconds
after ell=149 (degree 49): full intersection=9; cuspidal upper bound=8; 0.003 seconds
after ell=151 (degree 49): full intersection=9; cuspidal upper bound=8; 0.003 seconds
exact mass-kernel cusp dimension: 8
T_11 characteristic factor degrees: 2^1 2^1 1^4
T_13 characteristic factor degrees: 1^1 1^3 1^4
T_17 characteristic factor degrees: 1^8
T_19 characteristic factor degrees: 1^1 1^3 1^4
T_29 characteristic factor degrees: 1^8
T_31 characteristic factor degrees: 2^2 1^4
T_41 characteristic factor degrees: 2^1 2^1 1^4
T_59 characteristic factor degrees: 1^8
T_61 characteristic factor degrees: 2^2 1^4
T_71 characteristic factor degrees: 2^1 2^1 1^4
T_79 characteristic factor degrees: 1^1 1^3 1^4
T_89 characteristic factor degrees: 1^8
T_101 characteristic factor degrees: 2^1 2^1 1^4
T_109 characteristic factor degrees: 1^8
T_131 characteristic factor degrees: 2^1 2^1 1^4
T_139 characteristic factor degrees: 1^1 1^3 1^4
T_149 characteristic factor degrees: 1^8
T_151 characteristic factor degrees: 2^2 1^4
T_7 characteristic factor degrees: 1^8
T_2 characteristic factor degrees: 1^1 1^3 1^4
all restricted Hecke commutativity checks: PASS
combination_1 characteristic factor degrees: 1^1 2^1 1^2 1^3
combination_2 characteristic factor degrees: 1^1 2^1 2^1 1^3
combination_3 characteristic factor degrees: 2^1 2^1 1^4
joint components after operator 1: 3; dimensions 2x2 1x4
joint components after operator 2: 4; dimensions 1x1 2x2 1x3
joint components after operator 3: 4; dimensions 1x1 2x2 1x3
joint components after operator 4: 4; dimensions 1x1 2x2 1x3
joint components after operator 5: 4; dimensions 1x1 2x2 1x3
joint components after operator 6: 4; dimensions 1x1 2x2 1x3
joint components after operator 7: 4; dimensions 1x1 2x2 1x3
joint components after operator 8: 4; dimensions 1x1 2x2 1x3
joint components after operator 9: 4; dimensions 1x1 2x2 1x3
joint components after operator 10: 4; dimensions 1x1 2x2 1x3
joint components after operator 11: 4; dimensions 1x1 2x2 1x3
joint components after operator 12: 4; dimensions 1x1 2x2 1x3
joint components after operator 13: 4; dimensions 1x1 2x2 1x3
joint components after operator 14: 4; dimensions 1x1 2x2 1x3
joint components after operator 15: 4; dimensions 1x1 2x2 1x3
joint components after operator 16: 4; dimensions 1x1 2x2 1x3
joint components after operator 17: 4; dimensions 1x1 2x2 1x3
joint components after operator 18: 4; dimensions 1x1 2x2 1x3
joint components after operator 19: 4; dimensions 1x1 2x2 1x3
joint components after operator 20: 4; dimensions 1x1 2x2 1x3
final residual eigensystem packet types (count x residue-degree x multiplicity): 1x1x1 1x1x3 2x2x1
multiplicity-one quadratic packet 1 Hecke characteristic polynomials: [5,5,1] [0,0,1] [0,0,1] [0,0,1] [0,0,1] [4,1,1] [3,5,1] [0,0,1] [6,4,1] [2,5,1] [0,0,1] [0,0,1] [5,5,1] [0,0,1] [3,1,1] [0,0,1] [0,0,1] [4,6,1] [0,0,1] [0,0,1]
multiplicity-one quadratic packet 2 Hecke characteristic polynomials: [5,2,1] [0,0,1] [0,0,1] [0,0,1] [0,0,1] [4,1,1] [3,2,1] [0,0,1] [6,4,1] [2,2,1] [0,0,1] [0,0,1] [5,2,1] [0,0,1] [3,6,1] [0,0,1] [0,0,1] [4,6,1] [0,0,1] [0,0,1]
joint packet f=2 m=1 signature: [5,5,1] [0,0,1] [0,0,1] [0,0,1] [0,0,1] [4,1,1] [3,5,1] [0,0,1] [6,4,1] [2,5,1] [0,0,1] [0,0,1] [5,5,1] [0,0,1] [3,1,1] [0,0,1] [0,0,1] [4,6,1] [0,0,1] [0,0,1]
joint packet f=2 m=1 signature: [5,2,1] [0,0,1] [0,0,1] [0,0,1] [0,0,1] [4,1,1] [3,2,1] [0,0,1] [6,4,1] [2,2,1] [0,0,1] [0,0,1] [5,2,1] [0,0,1] [3,6,1] [0,0,1] [0,0,1] [4,6,1] [0,0,1] [0,0,1]
joint packet f=1 m=1 signature: [0,1] [5,1] [0,1] [3,1] [0,1] [6,1] [0,1] [0,1] [5,1] [0,1] [5,1] [0,1] [0,1] [0,1] [0,1] [3,1] [0,1] [6,1] [0,1] [6,1]
joint packet f=1 m=3 signature: [0,1] [2,1] [0,1] [4,1] [0,1] [6,1] [0,1] [0,1] [5,1] [0,1] [2,1] [0,1] [0,1] [0,1] [0,1] [4,1] [0,1] [6,1] [0,1] [1,1]
===== END CONSERVATIVE FILTERED AMBIENT LEVEL 22 =====
===== BEGIN CONSERVATIVE FILTERED AMBIENT LEVEL 23 =====
all 190 pairwise integer Hecke commutativity checks: PASS (0.175 seconds)
after ell=11 (degree 33): full intersection=143; cuspidal upper bound=142; 0.009 seconds
after ell=13 (degree 7): full intersection=99; cuspidal upper bound=98; 0.013 seconds
after ell=17 (degree 7): full intersection=99; cuspidal upper bound=98; 0.017 seconds
after ell=19 (degree 34): full intersection=75; cuspidal upper bound=74; 0.011 seconds
after ell=29 (degree 35): full intersection=59; cuspidal upper bound=58; 0.016 seconds
after ell=31 (degree 42): full intersection=51; cuspidal upper bound=50; 0.020 seconds
after ell=41 (degree 38): full intersection=45; cuspidal upper bound=44; 0.021 seconds
after ell=59 (degree 37): full intersection=39; cuspidal upper bound=38; 0.030 seconds
after ell=61 (degree 39): full intersection=39; cuspidal upper bound=38; 0.033 seconds
after ell=71 (degree 43): full intersection=39; cuspidal upper bound=38; 0.041 seconds
after ell=79 (degree 44): full intersection=39; cuspidal upper bound=38; 0.047 seconds
after ell=89 (degree 47): full intersection=39; cuspidal upper bound=38; 0.054 seconds
after ell=101 (degree 48): full intersection=39; cuspidal upper bound=38; 0.059 seconds
after ell=109 (degree 48): full intersection=39; cuspidal upper bound=38; 0.062 seconds
after ell=131 (degree 49): full intersection=39; cuspidal upper bound=38; 0.070 seconds
after ell=139 (degree 49): full intersection=39; cuspidal upper bound=38; 0.077 seconds
after ell=149 (degree 49): full intersection=39; cuspidal upper bound=38; 0.079 seconds
after ell=151 (degree 49): full intersection=39; cuspidal upper bound=38; 0.077 seconds
exact mass-kernel cusp dimension: 38
T_11 characteristic factor degrees: 2^1 2^1 2^1 2^1 2^1 2^1 2^1 2^1 2^1 2^2 2^2 2^3 1^6
T_13 characteristic factor degrees: 1^4 1^6 1^28
T_17 characteristic factor degrees: 1^38
T_19 characteristic factor degrees: 2^1 2^1 1^2 1^4 1^28
T_29 characteristic factor degrees: 2^2 1^34
T_31 characteristic factor degrees: 2^2 2^2 2^2 1^4 2^4 2^4 1^6
T_41 characteristic factor degrees: 2^1 2^1 2^6 1^6 2^8
T_59 characteristic factor degrees: 2^2 1^34
T_61 characteristic factor degrees: 2^2 2^2 2^2 2^4 2^6 1^6
T_71 characteristic factor degrees: 2^1 2^1 2^1 2^1 2^1 2^2 2^2 2^2 2^2 2^3 1^6
T_79 characteristic factor degrees: 2^2 1^2 1^4 1^28
T_89 characteristic factor degrees: 2^2 1^34
T_101 characteristic factor degrees: 2^1 2^1 2^1 2^1 2^1 2^1 2^1 1^2 1^2 2^2 2^2 2^3 1^6
T_109 characteristic factor degrees: 1^38
T_131 characteristic factor degrees: 2^1 2^1 2^1 2^1 2^1 2^2 2^2 2^2 2^2 2^3 1^6
T_139 characteristic factor degrees: 2^1 2^1 1^2 1^4 1^28
T_149 characteristic factor degrees: 2^2 1^34
T_151 characteristic factor degrees: 2^2 2^2 2^2 2^2 2^4 2^4 1^6
T_7 characteristic factor degrees: 1^2 1^2 1^34
T_2 characteristic factor degrees: 1^4 1^6 1^28
all restricted Hecke commutativity checks: PASS
combination_1 characteristic factor degrees: 2^1 2^1 2^1 2^1 1^2 1^2 2^2 2^2 2^2 2^3 1^4 1^4
combination_2 characteristic factor degrees: 2^1 2^1 2^1 2^1 2^1 2^1 1^2 2^2 2^2 2^3 2^3 1^4
combination_3 characteristic factor degrees: 2^1 2^1 2^1 1^2 2^2 2^2 2^2 2^3 2^3 1^6
joint components after operator 1: 13; dimensions 9x2 2x4 2x6
joint components after operator 2: 14; dimensions 10x2 3x4 1x6
joint components after operator 3: 14; dimensions 10x2 3x4 1x6
joint components after operator 4: 14; dimensions 10x2 3x4 1x6
joint components after operator 5: 14; dimensions 10x2 3x4 1x6
joint components after operator 6: 14; dimensions 10x2 3x4 1x6
joint components after operator 7: 14; dimensions 10x2 3x4 1x6
joint components after operator 8: 14; dimensions 10x2 3x4 1x6
joint components after operator 9: 14; dimensions 10x2 3x4 1x6
joint components after operator 10: 14; dimensions 10x2 3x4 1x6
joint components after operator 11: 14; dimensions 10x2 3x4 1x6
joint components after operator 12: 14; dimensions 10x2 3x4 1x6
joint components after operator 13: 14; dimensions 10x2 3x4 1x6
joint components after operator 14: 14; dimensions 10x2 3x4 1x6
joint components after operator 15: 14; dimensions 10x2 3x4 1x6
joint components after operator 16: 14; dimensions 10x2 3x4 1x6
joint components after operator 17: 14; dimensions 10x2 3x4 1x6
joint components after operator 18: 14; dimensions 10x2 3x4 1x6
joint components after operator 19: 14; dimensions 10x2 3x4 1x6
joint components after operator 20: 14; dimensions 10x2 3x4 1x6
final residual eigensystem packet types (count x residue-degree x multiplicity): 1x1x2 1x1x4 9x2x1 2x2x2 1x2x3
multiplicity-one quadratic packet 1 Hecke characteristic polynomials: [6,1,1] [0,0,1] [0,0,1] [0,0,1] [0,0,1] [1,4,1] [3,5,1] [0,0,1] [2,2,1] [5,3,1] [0,0,1] [0,0,1] [1,3,1] [0,0,1] [2,2,1] [0,0,1] [0,0,1] [6,6,1] [0,0,1] [0,0,1]
multiplicity-one quadratic packet 2 Hecke characteristic polynomials: [4,6,1] [0,0,1] [0,0,1] [0,0,1] [0,0,1] [6,4,1] [3,2,1] [0,0,1] [4,1,1] [3,5,1] [0,0,1] [0,0,1] [4,1,1] [0,0,1] [6,3,1] [0,0,1] [0,0,1] [1,3,1] [0,0,1] [0,0,1]
multiplicity-one quadratic packet 3 Hecke characteristic polynomials: [1,3,1] [0,0,1] [0,0,1] [0,0,1] [0,0,1] [5,3,1] [3,2,1] [0,0,1] [6,6,1] [3,6,1] [0,0,1] [0,0,1] [6,4,1] [0,0,1] [4,6,1] [0,0,1] [0,0,1] [5,4,1] [0,0,1] [0,0,1]
multiplicity-one quadratic packet 4 Hecke characteristic polynomials: [5,3,1] [0,0,1] [0,0,1] [0,0,1] [0,0,1] [5,2,1] [3,5,1] [0,0,1] [3,1,1] [1,3,1] [0,0,1] [0,0,1] [5,4,1] [0,0,1] [6,6,1] [0,0,1] [0,0,1] [5,2,1] [0,0,1] [0,0,1]
multiplicity-one quadratic packet 5 Hecke characteristic polynomials: [2,2,1] [4,3,1] [0,0,1] [6,3,1] [2,5,1] [4,4,1] [6,3,1] [3,6,1] [4,1,1] [3,1,1] [2,0,1] [1,4,1] [2,6,1] [0,0,1] [2,5,1] [4,6,1] [5,2,1] [3,1,1] [1,5,1] [1,2,1]
multiplicity-one quadratic packet 6 Hecke characteristic polynomials: [1,4,1] [0,0,1] [0,0,1] [0,0,1] [0,0,1] [5,3,1] [3,5,1] [0,0,1] [6,6,1] [3,1,1] [0,0,1] [0,0,1] [6,3,1] [0,0,1] [4,1,1] [0,0,1] [0,0,1] [5,4,1] [0,0,1] [0,0,1]
multiplicity-one quadratic packet 7 Hecke characteristic polynomials: [5,4,1] [0,0,1] [0,0,1] [0,0,1] [0,0,1] [5,2,1] [3,2,1] [0,0,1] [3,1,1] [1,4,1] [0,0,1] [0,0,1] [5,3,1] [0,0,1] [6,1,1] [0,0,1] [0,0,1] [5,2,1] [0,0,1] [0,0,1]
multiplicity-one quadratic packet 8 Hecke characteristic polynomials: [6,6,1] [0,0,1] [0,0,1] [0,0,1] [0,0,1] [1,4,1] [3,2,1] [0,0,1] [2,2,1] [5,4,1] [0,0,1] [0,0,1] [1,4,1] [0,0,1] [2,5,1] [0,0,1] [0,0,1] [6,6,1] [0,0,1] [0,0,1]
multiplicity-one quadratic packet 9 Hecke characteristic polynomials: [2,5,1] [4,4,1] [0,0,1] [6,4,1] [2,5,1] [4,4,1] [6,4,1] [3,6,1] [4,1,1] [3,6,1] [2,0,1] [1,4,1] [2,1,1] [0,0,1] [2,2,1] [4,1,1] [5,2,1] [3,1,1] [1,2,1] [1,5,1]
joint packet f=2 m=1 signature: [6,1,1] [0,0,1] [0,0,1] [0,0,1] [0,0,1] [1,4,1] [3,5,1] [0,0,1] [2,2,1] [5,3,1] [0,0,1] [0,0,1] [1,3,1] [0,0,1] [2,2,1] [0,0,1] [0,0,1] [6,6,1] [0,0,1] [0,0,1]
joint packet f=2 m=1 signature: [4,6,1] [0,0,1] [0,0,1] [0,0,1] [0,0,1] [6,4,1] [3,2,1] [0,0,1] [4,1,1] [3,5,1] [0,0,1] [0,0,1] [4,1,1] [0,0,1] [6,3,1] [0,0,1] [0,0,1] [1,3,1] [0,0,1] [0,0,1]
joint packet f=2 m=1 signature: [1,3,1] [0,0,1] [0,0,1] [0,0,1] [0,0,1] [5,3,1] [3,2,1] [0,0,1] [6,6,1] [3,6,1] [0,0,1] [0,0,1] [6,4,1] [0,0,1] [4,6,1] [0,0,1] [0,0,1] [5,4,1] [0,0,1] [0,0,1]
joint packet f=2 m=1 signature: [5,3,1] [0,0,1] [0,0,1] [0,0,1] [0,0,1] [5,2,1] [3,5,1] [0,0,1] [3,1,1] [1,3,1] [0,0,1] [0,0,1] [5,4,1] [0,0,1] [6,6,1] [0,0,1] [0,0,1] [5,2,1] [0,0,1] [0,0,1]
joint packet f=2 m=1 signature: [2,2,1] [4,3,1] [0,0,1] [6,3,1] [2,5,1] [4,4,1] [6,3,1] [3,6,1] [4,1,1] [3,1,1] [2,0,1] [1,4,1] [2,6,1] [0,0,1] [2,5,1] [4,6,1] [5,2,1] [3,1,1] [1,5,1] [1,2,1]
joint packet f=2 m=1 signature: [1,4,1] [0,0,1] [0,0,1] [0,0,1] [0,0,1] [5,3,1] [3,5,1] [0,0,1] [6,6,1] [3,1,1] [0,0,1] [0,0,1] [6,3,1] [0,0,1] [4,1,1] [0,0,1] [0,0,1] [5,4,1] [0,0,1] [0,0,1]
joint packet f=2 m=1 signature: [5,4,1] [0,0,1] [0,0,1] [0,0,1] [0,0,1] [5,2,1] [3,2,1] [0,0,1] [3,1,1] [1,4,1] [0,0,1] [0,0,1] [5,3,1] [0,0,1] [6,1,1] [0,0,1] [0,0,1] [5,2,1] [0,0,1] [0,0,1]
joint packet f=2 m=1 signature: [6,6,1] [0,0,1] [0,0,1] [0,0,1] [0,0,1] [1,4,1] [3,2,1] [0,0,1] [2,2,1] [5,4,1] [0,0,1] [0,0,1] [1,4,1] [0,0,1] [2,5,1] [0,0,1] [0,0,1] [6,6,1] [0,0,1] [0,0,1]
joint packet f=2 m=1 signature: [2,5,1] [4,4,1] [0,0,1] [6,4,1] [2,5,1] [4,4,1] [6,4,1] [3,6,1] [4,1,1] [3,6,1] [2,0,1] [1,4,1] [2,1,1] [0,0,1] [2,2,1] [4,1,1] [5,2,1] [3,1,1] [1,2,1] [1,5,1]
joint packet f=2 m=2 signature: [5,5,1] [0,0,1] [0,0,1] [0,0,1] [0,0,1] [4,1,1] [3,5,1] [0,0,1] [6,4,1] [2,5,1] [0,0,1] [0,0,1] [5,5,1] [0,0,1] [3,1,1] [0,0,1] [0,0,1] [4,6,1] [0,0,1] [0,0,1]
joint packet f=2 m=2 signature: [5,2,1] [0,0,1] [0,0,1] [0,0,1] [0,0,1] [4,1,1] [3,2,1] [0,0,1] [6,4,1] [2,2,1] [0,0,1] [0,0,1] [5,2,1] [0,0,1] [3,6,1] [0,0,1] [0,0,1] [4,6,1] [0,0,1] [0,0,1]
joint packet f=2 m=3 signature: [4,1,1] [0,0,1] [0,0,1] [0,0,1] [0,0,1] [6,4,1] [3,5,1] [0,0,1] [4,1,1] [3,2,1] [0,0,1] [0,0,1] [4,6,1] [0,0,1] [6,4,1] [0,0,1] [0,0,1] [1,3,1] [0,0,1] [0,0,1]
joint packet f=1 m=2 signature: [0,1] [5,1] [0,1] [3,1] [0,1] [6,1] [0,1] [0,1] [5,1] [0,1] [5,1] [0,1] [0,1] [0,1] [0,1] [3,1] [0,1] [6,1] [0,1] [6,1]
joint packet f=1 m=4 signature: [0,1] [2,1] [0,1] [4,1] [0,1] [6,1] [0,1] [0,1] [5,1] [0,1] [2,1] [0,1] [0,1] [0,1] [0,1] [4,1] [0,1] [6,1] [0,1] [1,1]
===== END CONSERVATIVE FILTERED AMBIENT LEVEL 23 =====
===== BEGIN CONSERVATIVE FILTERED AMBIENT LEVEL 32 =====
all 190 pairwise integer Hecke commutativity checks: PASS (0.661 seconds)
after ell=11 (degree 33): full intersection=199; cuspidal upper bound=198; 0.034 seconds
after ell=13 (degree 7): full intersection=163; cuspidal upper bound=162; 0.048 seconds
after ell=17 (degree 7): full intersection=143; cuspidal upper bound=142; 0.069 seconds
after ell=19 (degree 34): full intersection=118; cuspidal upper bound=117; 0.036 seconds
after ell=29 (degree 35): full intersection=93; cuspidal upper bound=92; 0.054 seconds
after ell=31 (degree 42): full intersection=53; cuspidal upper bound=52; 0.067 seconds
after ell=41 (degree 38): full intersection=47; cuspidal upper bound=46; 0.077 seconds
after ell=59 (degree 37): full intersection=39; cuspidal upper bound=38; 0.104 seconds
after ell=61 (degree 39): full intersection=31; cuspidal upper bound=30; 0.112 seconds
after ell=71 (degree 43): full intersection=31; cuspidal upper bound=30; 0.144 seconds
after ell=79 (degree 44): full intersection=29; cuspidal upper bound=28; 0.269 seconds
after ell=89 (degree 47): full intersection=29; cuspidal upper bound=28; 0.198 seconds
after ell=101 (degree 48): full intersection=29; cuspidal upper bound=28; 0.214 seconds
after ell=109 (degree 48): full intersection=29; cuspidal upper bound=28; 0.220 seconds
after ell=131 (degree 49): full intersection=29; cuspidal upper bound=28; 0.276 seconds
after ell=139 (degree 49): full intersection=29; cuspidal upper bound=28; 0.520 seconds
after ell=149 (degree 49): full intersection=29; cuspidal upper bound=28; 0.621 seconds
after ell=151 (degree 49): full intersection=29; cuspidal upper bound=28; 0.723 seconds
exact mass-kernel cusp dimension: 28
T_11 characteristic factor degrees: 1^1 2^2 2^2 1^19
T_13 characteristic factor degrees: 1^1 1^3 1^4 1^4 1^8 1^8
T_17 characteristic factor degrees: 1^1 1^2 1^2 1^3 1^20
T_19 characteristic factor degrees: 1^1 2^1 2^1 1^2 1^6 1^15
T_29 characteristic factor degrees: 1^1 1^27
T_31 characteristic factor degrees: 2^2 2^4 1^9 1^7
T_41 characteristic factor degrees: 1^1 2^2 2^2 1^19
T_59 characteristic factor degrees: 1^1 1^27
T_61 characteristic factor degrees: 1^1 2^2 2^4 1^8 1^7
T_71 characteristic factor degrees: 2^2 2^2 1^20
T_79 characteristic factor degrees: 2^1 2^1 1^2 1^2 1^2 1^4 1^6 1^8
T_89 characteristic factor degrees: 1^1 1^27
T_101 characteristic factor degrees: 1^1 2^2 2^2 1^19
T_109 characteristic factor degrees: 1^1 2^2 1^3 1^4 1^16
T_131 characteristic factor degrees: 1^1 2^2 2^2 1^19
T_139 characteristic factor degrees: 1^1 2^1 2^1 1^2 1^4 1^6 1^11
T_149 characteristic factor degrees: 1^1 1^27
T_151 characteristic factor degrees: 2^2 1^3 2^4 1^5 1^8
T_7 characteristic factor degrees: 1^1 1^1 1^1 1^2 1^3 1^20
T_2 characteristic factor degrees: 1^1 1^1 1^2 1^3 1^4 1^8 1^9
all restricted Hecke commutativity checks: PASS
combination_1 characteristic factor degrees: 2^1 2^1 2^2 1^2 1^4 1^6 1^8
combination_2 characteristic factor degrees: 2^1 2^1 2^2 2^2 1^3 1^5 1^8
combination_3 characteristic factor degrees: 1^1 1^1 1^1 1^2 1^2 2^2 2^2 1^5 1^8
joint components after operator 1: 4; dimensions 1x1 2x4 1x19
joint components after operator 2: 7; dimensions 1x1 1x3 4x4 1x8
joint components after operator 3: 9; dimensions 3x1 1x2 1x3 3x4 1x8
joint components after operator 4: 11; dimensions 3x1 4x2 1x3 2x4 1x6
joint components after operator 5: 11; dimensions 3x1 4x2 1x3 2x4 1x6
joint components after operator 6: 11; dimensions 3x1 4x2 1x3 2x4 1x6
joint components after operator 7: 11; dimensions 3x1 4x2 1x3 2x4 1x6
joint components after operator 8: 11; dimensions 3x1 4x2 1x3 2x4 1x6
joint components after operator 9: 11; dimensions 3x1 4x2 1x3 2x4 1x6
joint components after operator 10: 11; dimensions 3x1 4x2 1x3 2x4 1x6
joint components after operator 11: 12; dimensions 5x1 3x2 1x3 2x4 1x6
joint components after operator 12: 12; dimensions 5x1 3x2 1x3 2x4 1x6
joint components after operator 13: 12; dimensions 5x1 3x2 1x3 2x4 1x6
joint components after operator 14: 12; dimensions 5x1 3x2 1x3 2x4 1x6
joint components after operator 15: 12; dimensions 5x1 3x2 1x3 2x4 1x6
joint components after operator 16: 12; dimensions 5x1 3x2 1x3 2x4 1x6
joint components after operator 17: 12; dimensions 5x1 3x2 1x3 2x4 1x6
joint components after operator 18: 12; dimensions 5x1 3x2 1x3 2x4 1x6
joint components after operator 19: 12; dimensions 5x1 3x2 1x3 2x4 1x6
joint components after operator 20: 12; dimensions 5x1 3x2 1x3 2x4 1x6
final residual eigensystem packet types (count x residue-degree x multiplicity): 5x1x1 1x1x2 1x1x3 1x1x6 2x2x1 2x2x2
multiplicity-one quadratic packet 1 Hecke characteristic polynomials: [0,0,1] [4,3,1] [0,0,1] [1,4,1] [0,0,1] [6,1,1] [0,0,1] [0,0,1] [3,2,1] [0,0,1] [5,2,1] [0,0,1] [0,0,1] [2,0,1] [0,0,1] [5,4,1] [0,0,1] [3,1,1] [0,0,1] [1,5,1]
multiplicity-one quadratic packet 2 Hecke characteristic polynomials: [0,0,1] [4,4,1] [0,0,1] [1,3,1] [0,0,1] [6,1,1] [0,0,1] [0,0,1] [3,2,1] [0,0,1] [5,5,1] [0,0,1] [0,0,1] [2,0,1] [0,0,1] [5,3,1] [0,0,1] [3,1,1] [0,0,1] [1,2,1]
joint packet f=1 m=1 signature: [5,1] [4,1] [1,1] [1,1] [2,1] [6,1] [2,1] [3,1] [4,1] [0,1] [1,1] [2,1] [3,1] [2,1] [6,1] [0,1] [6,1] [4,1] [5,1] [0,1]
joint packet f=2 m=2 signature: [5,5,1] [0,0,1] [0,0,1] [0,0,1] [0,0,1] [4,1,1] [3,5,1] [0,0,1] [6,4,1] [2,5,1] [0,0,1] [0,0,1] [5,5,1] [0,0,1] [3,1,1] [0,0,1] [0,0,1] [4,6,1] [0,0,1] [0,0,1]
joint packet f=2 m=2 signature: [5,2,1] [0,0,1] [0,0,1] [0,0,1] [0,0,1] [4,1,1] [3,2,1] [0,0,1] [6,4,1] [2,2,1] [0,0,1] [0,0,1] [5,2,1] [0,0,1] [3,6,1] [0,0,1] [0,0,1] [4,6,1] [0,0,1] [0,0,1]
joint packet f=1 m=1 signature: [0,1] [6,1] [1,1] [0,1] [0,1] [4,1] [0,1] [0,1] [1,1] [0,1] [3,1] [0,1] [0,1] [2,1] [0,1] [2,1] [0,1] [5,1] [1,1] [3,1]
joint packet f=1 m=1 signature: [0,1] [6,1] [3,1] [0,1] [0,1] [4,1] [0,1] [0,1] [1,1] [0,1] [1,1] [0,1] [0,1] [3,1] [0,1] [5,1] [0,1] [5,1] [4,1] [2,1]
joint packet f=1 m=1 signature: [0,1] [6,1] [3,1] [0,1] [0,1] [4,1] [0,1] [0,1] [1,1] [0,1] [3,1] [0,1] [0,1] [2,1] [0,1] [0,1] [0,1] [4,1] [2,1] [2,1]
joint packet f=1 m=1 signature: [0,1] [1,1] [4,1] [0,1] [0,1] [4,1] [0,1] [0,1] [1,1] [0,1] [4,1] [0,1] [0,1] [5,1] [0,1] [0,1] [0,1] [4,1] [5,1] [5,1]
joint packet f=1 m=3 signature: [0,1] [1,1] [6,1] [0,1] [0,1] [4,1] [0,1] [0,1] [1,1] [0,1] [4,1] [0,1] [0,1] [5,1] [0,1] [5,1] [0,1] [5,1] [6,1] [4,1]
joint packet f=2 m=1 signature: [0,0,1] [4,3,1] [0,0,1] [1,4,1] [0,0,1] [6,1,1] [0,0,1] [0,0,1] [3,2,1] [0,0,1] [5,2,1] [0,0,1] [0,0,1] [2,0,1] [0,0,1] [5,4,1] [0,0,1] [3,1,1] [0,0,1] [1,5,1]
joint packet f=1 m=2 signature: [0,1] [5,1] [0,1] [3,1] [0,1] [6,1] [0,1] [0,1] [5,1] [0,1] [5,1] [0,1] [0,1] [0,1] [0,1] [3,1] [0,1] [6,1] [0,1] [6,1]
joint packet f=2 m=1 signature: [0,0,1] [4,4,1] [0,0,1] [1,3,1] [0,0,1] [6,1,1] [0,0,1] [0,0,1] [3,2,1] [0,0,1] [5,5,1] [0,0,1] [0,0,1] [2,0,1] [0,0,1] [5,3,1] [0,0,1] [3,1,1] [0,0,1] [1,2,1]
joint packet f=1 m=6 signature: [0,1] [2,1] [0,1] [4,1] [0,1] [6,1] [0,1] [0,1] [5,1] [0,1] [2,1] [0,1] [0,1] [0,1] [0,1] [4,1] [0,1] [6,1] [0,1] [1,1]
===== END CONSERVATIVE FILTERED AMBIENT LEVEL 32 =====
===== BEGIN CONSERVATIVE FILTERED AMBIENT LEVEL 33 =====
all 190 pairwise integer Hecke commutativity checks: PASS (5.002 seconds)
after ell=11 (degree 33): full intersection=709; cuspidal upper bound=708; 1.595 seconds
after ell=13 (degree 7): full intersection=413; cuspidal upper bound=412; 2.443 seconds
after ell=17 (degree 7): full intersection=369; cuspidal upper bound=368; 3.085 seconds
after ell=19 (degree 34): full intersection=293; cuspidal upper bound=292; 1.292 seconds
after ell=29 (degree 35): full intersection=237; cuspidal upper bound=236; 2.121 seconds
after ell=31 (degree 42): full intersection=169; cuspidal upper bound=168; 2.427 seconds
after ell=41 (degree 38): full intersection=147; cuspidal upper bound=146; 2.717 seconds
after ell=59 (degree 37): full intersection=121; cuspidal upper bound=120; 5.075 seconds
after ell=61 (degree 39): full intersection=107; cuspidal upper bound=106; 4.743 seconds
after ell=71 (degree 43): full intersection=107; cuspidal upper bound=106; 5.316 seconds
after ell=79 (degree 44): full intersection=101; cuspidal upper bound=100; 6.735 seconds
after ell=89 (degree 47): full intersection=101; cuspidal upper bound=100; 8.341 seconds
after ell=101 (degree 48): full intersection=99; cuspidal upper bound=98; 7.692 seconds
after ell=109 (degree 48): full intersection=99; cuspidal upper bound=98; 10.699 seconds
after ell=131 (degree 49): full intersection=99; cuspidal upper bound=98; 10.768 seconds
after ell=139 (degree 49): full intersection=99; cuspidal upper bound=98; 11.432 seconds
after ell=149 (degree 49): full intersection=99; cuspidal upper bound=98; 11.942 seconds
after ell=151 (degree 49): full intersection=99; cuspidal upper bound=98; 14.575 seconds
exact mass-kernel cusp dimension: 98
T_11 characteristic factor degrees: 2^1 1^2 2^2 2^2 2^2 2^2 2^2 2^2 2^2 2^2 2^3 2^4 2^4 2^4 1^32
T_13 characteristic factor degrees: 1^2 1^2 1^6 1^6 1^12 1^16 1^54
T_17 characteristic factor degrees: 1^2 1^4 1^6 1^6 1^80
T_19 characteristic factor degrees: 2^1 1^2 2^2 2^2 2^2 2^3 1^4 1^8 1^64
T_29 characteristic factor degrees: 1^2 2^4 1^4 1^84
T_31 characteristic factor degrees: 2^1 2^1 2^4 2^4 2^4 2^4 2^6 2^8 1^8 1^12 1^14
T_41 characteristic factor degrees: 1^2 2^2 2^2 2^12 2^16 1^32
T_59 characteristic factor degrees: 2^1 2^1 1^2 2^4 1^84
T_61 characteristic factor degrees: 2^1 1^2 2^4 2^4 2^4 2^5 2^8 2^10 1^12 1^12
T_71 characteristic factor degrees: 2^2 2^2 2^2 2^2 2^3 2^4 2^4 2^4 2^4 2^5 1^34
T_79 characteristic factor degrees: 2^2 2^2 2^4 1^4 1^6 1^6 1^6 1^8 1^52
T_89 characteristic factor degrees: 2^1 2^1 1^2 2^4 1^84
T_101 characteristic factor degrees: 2^2 2^2 2^2 2^2 2^2 2^3 2^3 1^4 2^4 2^4 2^4 1^6 1^32
T_109 characteristic factor degrees: 2^2 1^2 2^4 1^6 1^6 1^72
T_131 characteristic factor degrees: 2^1 2^1 1^2 2^2 2^2 2^2 2^2 2^2 2^4 2^4 2^4 2^4 2^4 1^32
T_139 characteristic factor degrees: 2^1 2^1 1^2 2^2 2^2 2^2 2^2 1^4 1^6 1^8 1^58
T_149 characteristic factor degrees: 2^1 1^2 1^2 2^4 1^84
T_151 characteristic factor degrees: 2^1 2^4 2^4 2^5 2^6 1^6 1^8 2^8 2^8 1^12
T_7 characteristic factor degrees: 1^2 1^4 1^4 1^6 1^10 1^72
T_2 characteristic factor degrees: 1^2 1^2 1^4 1^4 1^12 1^20 1^54
all restricted Hecke commutativity checks: PASS
combination_1 characteristic factor degrees: 2^1 2^2 2^2 2^2 2^2 2^2 2^2 1^4 1^4 2^4 2^4 2^4 2^5 1^6 1^12 1^12
combination_2 characteristic factor degrees: 2^2 2^2 2^2 2^2 2^3 2^3 2^4 2^4 2^4 2^4 2^6 1^6 1^8 1^12
combination_3 characteristic factor degrees: 2^1 1^2 1^2 2^2 2^2 2^2 1^4 1^4 2^4 2^4 2^4 2^4 1^6 1^8 1^12 2^7
joint components after operator 1: 15; dimensions 2x2 8x4 1x6 3x8 1x32
joint components after operator 2: 19; dimensions 3x2 9x4 2x6 4x8 1x12
joint components after operator 3: 21; dimensions 5x2 11x4 4x8 1x12
joint components after operator 4: 23; dimensions 5x2 14x4 4x8
joint components after operator 5: 23; dimensions 5x2 14x4 4x8
joint components after operator 6: 23; dimensions 5x2 14x4 4x8
joint components after operator 7: 23; dimensions 5x2 14x4 4x8
joint components after operator 8: 23; dimensions 5x2 14x4 4x8
joint components after operator 9: 23; dimensions 5x2 14x4 4x8
joint components after operator 10: 23; dimensions 5x2 14x4 4x8
joint components after operator 11: 24; dimensions 7x2 13x4 4x8
joint components after operator 12: 24; dimensions 7x2 13x4 4x8
joint components after operator 13: 24; dimensions 7x2 13x4 4x8
joint components after operator 14: 24; dimensions 7x2 13x4 4x8
joint components after operator 15: 24; dimensions 7x2 13x4 4x8
joint components after operator 16: 24; dimensions 7x2 13x4 4x8
joint components after operator 17: 24; dimensions 7x2 13x4 4x8
joint components after operator 18: 24; dimensions 7x2 13x4 4x8
joint components after operator 19: 24; dimensions 7x2 13x4 4x8
joint components after operator 20: 24; dimensions 7x2 13x4 4x8
final residual eigensystem packet types (count x residue-degree x multiplicity): 5x1x2 2x1x4 1x1x8 2x2x1 11x2x2 3x2x4
multiplicity-one quadratic packet 1 Hecke characteristic polynomials: [2,0,1] [2,6,1] [1,5,1] [6,3,1] [4,3,1] [3,5,1] [3,5,1] [3,2,1] [6,6,1] [3,2,1] [1,2,1] [6,3,1] [5,3,1] [4,0,1] [1,3,1] [1,4,1] [1,2,1] [6,3,1] [1,5,1] [1,2,1]
multiplicity-one quadratic packet 2 Hecke characteristic polynomials: [2,5,1] [0,0,1] [2,6,1] [4,6,1] [4,3,1] [3,6,1] [3,5,1] [5,2,1] [4,0,1] [5,4,1] [4,3,1] [4,6,1] [1,3,1] [4,0,1] [5,3,1] [2,2,1] [6,4,1] [5,4,1] [2,1,1] [1,2,1]
joint packet f=2 m=1 signature: [2,0,1] [2,6,1] [1,5,1] [6,3,1] [4,3,1] [3,5,1] [3,5,1] [3,2,1] [6,6,1] [3,2,1] [1,2,1] [6,3,1] [5,3,1] [4,0,1] [1,3,1] [1,4,1] [1,2,1] [6,3,1] [1,5,1] [1,2,1]
joint packet f=1 m=2 signature: [5,1] [4,1] [1,1] [1,1] [2,1] [6,1] [2,1] [3,1] [4,1] [0,1] [1,1] [2,1] [3,1] [2,1] [6,1] [0,1] [6,1] [4,1] [5,1] [0,1]
joint packet f=2 m=2 signature: [6,6,1] [0,0,1] [0,0,1] [0,0,1] [0,0,1] [1,4,1] [3,2,1] [0,0,1] [2,2,1] [5,4,1] [0,0,1] [0,0,1] [1,4,1] [0,0,1] [2,5,1] [0,0,1] [0,0,1] [6,6,1] [0,0,1] [0,0,1]
joint packet f=2 m=2 signature: [6,1,1] [0,0,1] [0,0,1] [0,0,1] [0,0,1] [1,4,1] [3,5,1] [0,0,1] [2,2,1] [5,3,1] [0,0,1] [0,0,1] [1,3,1] [0,0,1] [2,2,1] [0,0,1] [0,0,1] [6,6,1] [0,0,1] [0,0,1]
joint packet f=2 m=2 signature: [5,4,1] [0,0,1] [0,0,1] [0,0,1] [0,0,1] [5,2,1] [3,2,1] [0,0,1] [3,1,1] [1,4,1] [0,0,1] [0,0,1] [5,3,1] [0,0,1] [6,1,1] [0,0,1] [0,0,1] [5,2,1] [0,0,1] [0,0,1]
joint packet f=2 m=2 signature: [2,2,1] [4,3,1] [0,0,1] [6,3,1] [2,5,1] [4,4,1] [6,3,1] [3,6,1] [4,1,1] [3,1,1] [2,0,1] [1,4,1] [2,6,1] [0,0,1] [2,5,1] [4,6,1] [5,2,1] [3,1,1] [1,5,1] [1,2,1]
joint packet f=2 m=2 signature: [1,3,1] [0,0,1] [0,0,1] [0,0,1] [0,0,1] [5,3,1] [3,2,1] [0,0,1] [6,6,1] [3,6,1] [0,0,1] [0,0,1] [6,4,1] [0,0,1] [4,6,1] [0,0,1] [0,0,1] [5,4,1] [0,0,1] [0,0,1]
joint packet f=2 m=2 signature: [1,4,1] [0,0,1] [0,0,1] [0,0,1] [0,0,1] [5,3,1] [3,5,1] [0,0,1] [6,6,1] [3,1,1] [0,0,1] [0,0,1] [6,3,1] [0,0,1] [4,1,1] [0,0,1] [0,0,1] [5,4,1] [0,0,1] [0,0,1]
joint packet f=2 m=2 signature: [5,3,1] [0,0,1] [0,0,1] [0,0,1] [0,0,1] [5,2,1] [3,5,1] [0,0,1] [3,1,1] [1,3,1] [0,0,1] [0,0,1] [5,4,1] [0,0,1] [6,6,1] [0,0,1] [0,0,1] [5,2,1] [0,0,1] [0,0,1]
joint packet f=2 m=2 signature: [4,6,1] [0,0,1] [0,0,1] [0,0,1] [0,0,1] [6,4,1] [3,2,1] [0,0,1] [4,1,1] [3,5,1] [0,0,1] [0,0,1] [4,1,1] [0,0,1] [6,3,1] [0,0,1] [0,0,1] [1,3,1] [0,0,1] [0,0,1]
joint packet f=2 m=1 signature: [2,5,1] [0,0,1] [2,6,1] [4,6,1] [4,3,1] [3,6,1] [3,5,1] [5,2,1] [4,0,1] [5,4,1] [4,3,1] [4,6,1] [1,3,1] [4,0,1] [5,3,1] [2,2,1] [6,4,1] [5,4,1] [2,1,1] [1,2,1]
joint packet f=2 m=2 signature: [2,5,1] [4,4,1] [0,0,1] [6,4,1] [2,5,1] [4,4,1] [6,4,1] [3,6,1] [4,1,1] [3,6,1] [2,0,1] [1,4,1] [2,1,1] [0,0,1] [2,2,1] [4,1,1] [5,2,1] [3,1,1] [1,2,1] [1,5,1]
joint packet f=2 m=4 signature: [5,2,1] [0,0,1] [0,0,1] [0,0,1] [0,0,1] [4,1,1] [3,2,1] [0,0,1] [6,4,1] [2,2,1] [0,0,1] [0,0,1] [5,2,1] [0,0,1] [3,6,1] [0,0,1] [0,0,1] [4,6,1] [0,0,1] [0,0,1]
joint packet f=2 m=4 signature: [4,1,1] [0,0,1] [0,0,1] [0,0,1] [0,0,1] [6,4,1] [3,5,1] [0,0,1] [4,1,1] [3,2,1] [0,0,1] [0,0,1] [4,6,1] [0,0,1] [6,4,1] [0,0,1] [0,0,1] [1,3,1] [0,0,1] [0,0,1]
joint packet f=2 m=4 signature: [5,5,1] [0,0,1] [0,0,1] [0,0,1] [0,0,1] [4,1,1] [3,5,1] [0,0,1] [6,4,1] [2,5,1] [0,0,1] [0,0,1] [5,5,1] [0,0,1] [3,1,1] [0,0,1] [0,0,1] [4,6,1] [0,0,1] [0,0,1]
joint packet f=1 m=2 signature: [0,1] [1,1] [4,1] [0,1] [0,1] [4,1] [0,1] [0,1] [1,1] [0,1] [4,1] [0,1] [0,1] [5,1] [0,1] [0,1] [0,1] [4,1] [5,1] [5,1]
joint packet f=1 m=4 signature: [0,1] [1,1] [6,1] [0,1] [0,1] [4,1] [0,1] [0,1] [1,1] [0,1] [4,1] [0,1] [0,1] [5,1] [0,1] [5,1] [0,1] [5,1] [6,1] [4,1]
joint packet f=1 m=2 signature: [0,1] [6,1] [1,1] [0,1] [0,1] [4,1] [0,1] [0,1] [1,1] [0,1] [3,1] [0,1] [0,1] [2,1] [0,1] [2,1] [0,1] [5,1] [1,1] [3,1]
joint packet f=1 m=2 signature: [0,1] [6,1] [3,1] [0,1] [0,1] [4,1] [0,1] [0,1] [1,1] [0,1] [1,1] [0,1] [0,1] [3,1] [0,1] [5,1] [0,1] [5,1] [4,1] [2,1]
joint packet f=1 m=2 signature: [0,1] [6,1] [3,1] [0,1] [0,1] [4,1] [0,1] [0,1] [1,1] [0,1] [3,1] [0,1] [0,1] [2,1] [0,1] [0,1] [0,1] [4,1] [2,1] [2,1]
joint packet f=2 m=2 signature: [0,0,1] [4,3,1] [0,0,1] [1,4,1] [0,0,1] [6,1,1] [0,0,1] [0,0,1] [3,2,1] [0,0,1] [5,2,1] [0,0,1] [0,0,1] [2,0,1] [0,0,1] [5,4,1] [0,0,1] [3,1,1] [0,0,1] [1,5,1]
joint packet f=1 m=4 signature: [0,1] [5,1] [0,1] [3,1] [0,1] [6,1] [0,1] [0,1] [5,1] [0,1] [5,1] [0,1] [0,1] [0,1] [0,1] [3,1] [0,1] [6,1] [0,1] [6,1]
joint packet f=2 m=2 signature: [0,0,1] [4,4,1] [0,0,1] [1,3,1] [0,0,1] [6,1,1] [0,0,1] [0,0,1] [3,2,1] [0,0,1] [5,5,1] [0,0,1] [0,0,1] [2,0,1] [0,0,1] [5,3,1] [0,0,1] [3,1,1] [0,0,1] [1,2,1]
joint packet f=1 m=8 signature: [0,1] [2,1] [0,1] [4,1] [0,1] [6,1] [0,1] [0,1] [5,1] [0,1] [2,1] [0,1] [0,1] [0,1] [0,1] [4,1] [0,1] [6,1] [0,1] [1,1]
===== END CONSERVATIVE FILTERED AMBIENT LEVEL 33 =====
HECKE_LEVEL_LOWERING_TARGETS=FOUR_NEWSPACES_AT_LEVELS_22_23_32_33
COVERAGE_METHOD=CONSERVATIVELY_FILTERED_AMBIENT_SUPERSET_NO_OLD_NEW_SUBTRACTION
ELL_131_FILTER=X49_MINUS_X_ALL_F49_TRACES
FILTERED_PACKET_DIMENSION_COVERAGE=PASS_SUM_PACKET_DIMENSIONS_EQUALS_FILTERED_CUSP_AT_ALL_FOUR_LEVELS
LOCAL_T2_TRACES=X_EVEN_MINUS1_Y_EVEN_ZERO
AMBIENT_SELECTED_PACKET_OCCURRENCES=36
AMBIENT_Q29_ANNIHILATORS=T,T2,T_PLUS_2,T2_PLUS_5T_PLUS_2,T2_PLUS_3T_PLUS_4
REDUCIBLE_Q29_ANNIHILATORS=T_MINUS_2,T_MINUS_5
AMBIENT_T_PLUS_2_EQUALS_EXISTING_TERMINAL_T_MINUS_5_MOD_7
RESULTANT_MATRIX=PASS_24_OF_24_NONZERO_MOD_7
PASS_HILBERT_HECKE_CONSERVATIVE_FILTERED_AMBIENT_COVERAGE_NO_NEWSPACE_SUBTRACTION
===== END hilbert-hecke-ambient-coverage =====
===== BEGIN putz-pvt-interface =====
COMMAND=/release/scripts/portable_python.py -B /release/repository/results/2026-09-10_pvt_putz_interface_audit_v2/scripts/verify_pvt_putz_interface_v2_package.py
EXIT=0 WALL_SECONDS=0.226858
Q29_CURVE eta=10 polynomial=T^2+6*T+6
Q29_CURVE eta=14 polynomial=T^2+6*T+4
Q29_CURVE eta=24 polynomial=T^2+4
Q29_CURVE eta=28 polynomial=T^2+2*T+3
Q29_RESULTANTS=[[6,1,5,1,1,5],[4,2,3,1,6,3],[4,2,6,1,1,1],[3,2,6,2,4,3]]
PVT_VARIABLE_MAP=(a,b,c)=(X,-Z,Y);t0=eta/(eta-1)
PVT_LEVELS=22,23,32,33;RESIDUAL_PRIME_7_INERT=1
PUTZ_THEOREM_3_50=FULL_PUBLISHER_PDF_PAGE_118_CHECKED
EVEN_PACKETS=SUPERFLUOUS_CONSERVATIVE_ENLARGEMENT
PASS_PVT_PUTZ_INTERFACE_AUDIT_V2
PACKAGE_REPLAY=PASS_PVT_PUTZ_INTERFACE_AUDIT_V2 ROWS=6 MANIFEST_SHA256=f109b98b6fc61eb08af0076058e6fbab17e27caabbc68864e63d58c4c20e94c3 MODE=ORDINARY
===== END putz-pvt-interface =====
===== BEGIN FOUNDATION five-place-producer =====
COMMAND=/usr/bin/gp -q /release/repository/results/2026-08-30_literal_c_five_place_source_preimage_v2r19_source_implementation/scripts/certify_literal_c_five_place_source_preimage_v2r19.gp
EXIT=0 WALL_SECONDS=75.981479
  ***   Warning: new maximum stack size = 8000000000 (7629.395 Mbytes).
  *** read: Warning: increasing stack size to 16000000.
  *** read: Warning: increasing stack size to 32000000.
  *** read: Warning: increasing stack size to 64000000.
  *** read: Warning: increasing stack size to 128000000.
  *** polresultant: Warning: increasing stack size to 256000000.
STATUS=PASS_LITERAL_C_FIVE_PLACE_SOURCE_PREIMAGE_V2R2_PRODUCTION
P29_WORKER_BOUNDARY=NOT_READ_NOT_COMPUTED
===== END FOUNDATION five-place-producer =====
===== BEGIN FOUNDATION five-place-independent =====
COMMAND=/usr/bin/gp -q /release/repository/results/2026-08-30_literal_c_five_place_source_preimage_v2r19_source_implementation/scripts/independently_verify_literal_c_five_place_source_preimage_v2r19.gp
EXIT=0 WALL_SECONDS=105.050512
  ***   Warning: new maximum stack size = 8000000000 (7629.395 Mbytes).
  *** read: Warning: increasing stack size to 16000000.
  *** read: Warning: increasing stack size to 32000000.
  *** read: Warning: increasing stack size to 64000000.
  *** read: Warning: increasing stack size to 128000000.
  ***   Warning: increasing stack size to 256000000.
STATUS=PASS_LITERAL_C_FIVE_PLACE_SOURCE_PREIMAGE_V2R2_INDEPENDENT
P29_WORKER_BOUNDARY=NOT_READ_NOT_COMPUTED
===== END FOUNDATION five-place-independent =====
===== BEGIN FOUNDATION five-place-fresh-semantic-agreement =====
COMMAND=/usr/bin/gp -q /release/repository/results/2026-09-07_five_place_source_preimage_direct_verification_v1/scripts/verify_five_place_source_preimage_outputs_v1.gp
EXIT=0 WALL_SECONDS=3.827003
  ***   Warning: new maximum stack size = 3000000512 (2861.023 Mbytes).
  *** read: Warning: increasing stack size to 16000000.
  *** read: Warning: increasing stack size to 32000000.
  *** read: Warning: increasing stack size to 64000000.
  *** read: Warning: increasing stack size to 128000000.
STATUS=PASS_EXACT_INDEPENDENT_FIVE_PLACE_SOURCE_PREIMAGE_SEMANTIC_AGREEMENT
===== END FOUNDATION five-place-fresh-semantic-agreement =====
===== BEGIN FOUNDATION selmer-character-projector-rank4 =====
COMMAND=/release/scripts/portable_python.py -B /release/repository/results/2026-09-07_five_place_source_preimage_direct_verification_v1/scripts/certify_selmer_character_projector_rank4_v1.py
EXIT=0 WALL_SECONDS=4.151217
PASS_UNCONDITIONAL_TRUE_2_SELMER_DIMENSION_4_AND_MORDELL_WEIL_RANK_4
===== END FOUNDATION selmer-character-projector-rank4 =====
===== BEGIN FOUNDATION s4-full-global-log-matrix =====
COMMAND=/tmp/beal357-p23-sage-runtime-v1/env/bin/python -B /release/scripts/portable_python.py -B /release/repository/results/2026-08-31_p23_alternative_km_base_chart_screen_v1/scripts/compute_p23_s4_full_log_matrix_v1.sage
EXIT=0 WALL_SECONDS=170.887924
S4_SCALAR_START divisor=D2 order=1275
S4_SCALAR_DONE divisor=D2 elapsed=51.966
S4_SCALAR_START divisor=D3 order=1020
S4_SCALAR_DONE divisor=D3 elapsed=101.557
S4_SCALAR_START divisor=D5 order=1700
S4_SCALAR_DONE divisor=D5 elapsed=147.684
S4_DECODE_LOG_START divisor=D2
S4_DECODE_LOG_DONE divisor=D2 elapsed=151.767
S4_DECODE_LOG_START divisor=D3
S4_DECODE_LOG_DONE divisor=D3 elapsed=156.865
S4_DECODE_LOG_START divisor=D5
S4_DECODE_LOG_DONE divisor=D5 elapsed=161.906
P23_S4_FULL_LOG_STATUS=PASS_ALL_FOUR_S4_BRANCHWISE_LOG_COLUMNS_AT_23_POWER_8_AND_10
===== END FOUNDATION s4-full-global-log-matrix =====
FOUNDATION_OUTPUT_REPLAY=PASS PATH=results/2026-08-31_p23_alternative_km_base_chart_screen_v1/certificates/p23_s4_full_log_matrix_v1.json SHA256=97a28ccb4cada8d5398f1934db44c62dae2ece6ebe6fc80a7185f678818e7ca2 COMPARISON=INVARIANT_JSON_EXACT
FOUNDATION_OUTPUT_REPLAY=PASS PATH=results/2026-08-31_p23_alternative_km_base_chart_screen_v1/evidence/p23_s4_full_log_matrix_v1.sobj SHA256=1f2026ff6fd89c6b268b4c3482c6711eb201cf1990d8539860c7ba324cce68bc COMPARISON=CACHE_SERIALIZATION_NONCANONICAL_MATHEMATICS_BOUND_BY_JSON
===== BEGIN FOUNDATION s19-full-global-log-matrix =====
COMMAND=/tmp/beal357-p23-sage-runtime-v1/env/bin/python -B /release/scripts/portable_python.py -B /release/repository/results/2026-09-13_v3_generator_repairs/compute_p23_s19_full_log_matrix_v1_import_repair.sage
EXIT=0 WALL_SECONDS=190.143639
S19_SCALAR_START divisor=D2 order=1275
S19_SCALAR_DONE divisor=D2 elapsed=60.887
S19_SCALAR_START divisor=D3 order=2550
S19_SCALAR_DONE divisor=D3 elapsed=110.557
S19_SCALAR_START divisor=D5 order=5100
S19_SCALAR_DONE divisor=D5 elapsed=175.491
S19_DECODE_LOG_START divisor=D2
S19_DECODE_LOG_DONE divisor=D2 elapsed=178.214
S19_DECODE_LOG_START divisor=D3
S19_DECODE_LOG_DONE divisor=D3 elapsed=180.697
S19_DECODE_LOG_START divisor=D5
S19_DECODE_LOG_DONE divisor=D5 elapsed=183.004
P23_S19_FULL_LOG_STATUS=PASS_ALL_FOUR_S19_BRANCHWISE_LOG_COLUMNS_AT_23_POWER_8_AND_10
===== END FOUNDATION s19-full-global-log-matrix =====
FOUNDATION_OUTPUT_REPLAY=PASS PATH=results/2026-08-31_p23_s19_alternative_km_base_chart_screen_v1/certificates/p23_s19_full_log_matrix_v1.json SHA256=33b8f6e8a42e0297437261967e7ebb35d0805f2fc9fcdb5b996da3c1fbc59eb5 COMPARISON=INVARIANT_JSON_EXACT
FOUNDATION_OUTPUT_REPLAY=PASS PATH=results/2026-08-31_p23_s19_alternative_km_base_chart_screen_v1/evidence/p23_s19_full_log_matrix_v1.sobj SHA256=da53894ff691fe860c08ed39af711eaa3f65c25a46723692e605f41f95cb41d8 COMPARISON=CACHE_SERIALIZATION_NONCANONICAL_MATHEMATICS_BOUND_BY_JSON
===== BEGIN FOUNDATION combined-rank-and-siksek =====
COMMAND=/tmp/beal357-p23-sage-runtime-v1/env/bin/python -B /release/scripts/portable_python.py -B /release/repository/results/2026-08-31_p23_s19_alternative_km_base_chart_screen_v1/scripts/certify_p23_ros_log_rank_and_siksek_v1.sage
EXIT=0 WALL_SECONDS=6.309402
P23_ROS_RANK_SIKSEK_STATUS=PASS_RANK4_TWO_ANNIHILATORS_FOUR_UNIT_SIKSEK_GATES_ONE_P1_SINGULAR_GATE
===== END FOUNDATION combined-rank-and-siksek =====
FOUNDATION_OUTPUT_REPLAY=PASS PATH=results/2026-08-31_p23_s19_alternative_km_base_chart_screen_v1/certificates/p23_ros_log_rank_and_siksek_v1.json SHA256=183ae745a23d2b0353bf8280488a67e22ce39ee1cf9203b46e72fc85455456e8 COMPARISON=INVARIANT_JSON_EXACT
===== BEGIN FOUNDATION P1-second-order-gate =====
COMMAND=/tmp/beal357-p23-sage-runtime-v1/env/bin/python -B /release/scripts/portable_python.py -B /release/repository/results/2026-08-31_p23_s19_alternative_km_base_chart_screen_v1/scripts/analyze_p23_P1_second_order_gate_v1.sage
EXIT=0 WALL_SECONDS=6.576471
P23_P1_SECOND_ORDER_STATUS=PASS_P1_SECOND_NORMALIZATION_EXACTLY_TWO_SIMPLE_LOCAL_ROOTS_NOT_UNIQUE
===== END FOUNDATION P1-second-order-gate =====
FOUNDATION_OUTPUT_REPLAY=PASS PATH=results/2026-08-31_p23_s19_alternative_km_base_chart_screen_v1/certificates/p23_P1_second_order_gate_v1.json SHA256=01e81b5c03fb571a84a5d11ee55498a80c74b3789919569d97e955ff71a0deae COMPARISON=INVARIANT_JSON_EXACT
===== BEGIN FOUNDATION P1-exceptional-root-lift =====
COMMAND=/tmp/beal357-p23-sage-runtime-v1/env/bin/python -B /release/scripts/portable_python.py -B /release/repository/results/2026-08-31_p23_s19_alternative_km_base_chart_screen_v1/scripts/lift_p23_P1_exceptional_root_and_coefficients_v1.sage
EXIT=0 WALL_SECONDS=6.377637
P23_P1_EXCEPTIONAL_LIFT_STATUS=PASS_EXCEPTIONAL_P1_ROOT_LIFT_AND_UNIQUE_MW_COEFFICIENT_CLASS_MOD_23_POWER_7
===== END FOUNDATION P1-exceptional-root-lift =====
FOUNDATION_OUTPUT_REPLAY=PASS PATH=results/2026-08-31_p23_s19_alternative_km_base_chart_screen_v1/certificates/p23_P1_exceptional_root_coefficients_v1.json SHA256=dd1b1a200ea3ddfebe66bb704878baa79a3e0dde80002be833567d51f5cae71d COMPARISON=INVARIANT_JSON_EXACT
PRIMITIVE_357_FOUNDATIONAL_REPLAYS_V3=PASS_FRESH_FIVE_PLACE_RANK_DESCENT_AND_BOTH_GLOBAL_LOG_BRANCHES
PRIMITIVE_357_DEPENDENCY_CLOSED_RELEASE_V3=PASS REPOSITORY_FILES=765 HISTORICAL_MANIFEST_ROWS=369 UPSTREAM_FILES=17 SECTOR_REPLAYS=1 FOUNDATIONAL_REPLAYS=1 PRESEAL=0
