KUMMER 173 22 local_rank 4 combined_rank 4
{
  "status": "RANK4_WITNESS",
  "selected": [
    {
      "p": 173,
      "theta": 22,
      "odd_branch_roots": [
        15,
        90,
        119,
        122,
        164
      ],
      "values_columns_D0_D1_D2_D3": [
        [
          140,
          53,
          145,
          11,
          28
        ],
        [
          137,
          139,
          117,
          134,
          5
        ],
        [
          27,
          86,
          110,
          119,
          59
        ],
        [
          110,
          48,
          38,
          30,
          50
        ]
      ],
      "bit_columns_D0_D1_D2_D3": [
        [
          0,
          1,
          1,
          1,
          1
        ],
        [
          0,
          0,
          0,
          1,
          1
        ],
        [
          1,
          1,
          1,
          0,
          1
        ],
        [
          1,
          1,
          0,
          1,
          1
        ]
      ],
      "rows": [
        [
          0,
          0,
          1,
          1
        ],
        [
          1,
          0,
          1,
          1
        ],
        [
          1,
          0,
          1,
          0
        ],
        [
          1,
          1,
          0,
          1
        ],
        [
          1,
          1,
          1,
          1
        ]
      ],
      "rank": 4
    }
  ],
  "attempts": [
    {
      "p": 173,
      "theta": 22,
      "odd_branch_roots": [
        15,
        90,
        119,
        122,
        164
      ],
      "values_columns_D0_D1_D2_D3": [
        [
          140,
          53,
          145,
          11,
          28
        ],
        [
          137,
          139,
          117,
          134,
          5
        ],
        [
          27,
          86,
          110,
          119,
          59
        ],
        [
          110,
          48,
          38,
          30,
          50
        ]
      ],
      "bit_columns_D0_D1_D2_D3": [
        [
          0,
          1,
          1,
          1,
          1
        ],
        [
          0,
          0,
          0,
          1,
          1
        ],
        [
          1,
          1,
          1,
          0,
          1
        ],
        [
          1,
          1,
          0,
          1,
          1
        ]
      ],
      "rows": [
        [
          0,
          0,
          1,
          1
        ],
        [
          1,
          0,
          1,
          1
        ],
        [
          1,
          0,
          1,
          0
        ],
        [
          1,
          1,
          0,
          1
        ],
        [
          1,
          1,
          1,
          1
        ]
      ],
      "rank": 4
    }
  ]
}
