AUDIT_TARGET_MODEL=[4, [2, 3], 0, 0, 160, 2, 318]
AUDIT_RELATIVE_QUADRATIC_MODELS_PASS=1
PLACE1_MAXIMAL_ORDER_DIAGNOSTIC=[[0, 0, 0, [1, 1, 0]], [b^2 + a*b + a^2, Mat([b^2 + a*b + a^2, 1]), 0, [0, 0, 0]]]
P2_RESOLVED_FORMAL_NEWTON_STEP=["C", 0, 1, 19, 18]
P2_RESOLVED_FORMAL_NEWTON_STEP=["C", 0, 2, 20, 18]
P2_RESOLVED_FORMAL_NEWTON_STEP=["C", 0, 3, 22, 18]
P2_RESOLVED_FORMAL_NEWTON_STEP=["C", 0, 4, 26, 18]
P2_RESOLVED_FORMAL_NEWTON_STEP=["C", 0, 5, 34, 18]
P2_RESOLVED_FORMAL_NEWTON_STEP=["C", 0, 6, 50, 18]
P2_RESOLVED_FORMAL_NEWTON_STEP=["C", 0, 7, 82, 18]
P2_RESOLVED_FORMAL_SOURCE_RECORD=["C", 0, 77, 18]
AUDIT_C0_POINT_ERROR_FLOOR=63
P2_TRIPLE_KERNEL_SOURCE_RECORD=["P5", "e", 83, 0]
AUDIT_KERNEL_POINT_ERROR_FLOOR=[1, 67]
AUDIT_CONIC_POINT_STABILITY=[6, 3, 63, 16, 134, 118]
AUDIT_CONIC_POINT_STABILITY=[7, 1, 67, 18, 142, 124]
AUDIT_LINE_POINT_STABILITY=[1, 6, 4, 238]
AUDIT_LINE_POINT_STABILITY=[1, 7, 4, 252]
LOCAL_LINE_FACTOR_VALUATION=[1, 18]
FACTOR_DIAGNOSTIC=[1, [1, 1, 0], 80, 40, [1, 4096, 10], 80]
AUDIT_UNIT_SQRT_RESIDUAL=[1, 40, 4, 75]
AUDIT_LINE_POINT_STABILITY=[2, 6, 2, 118]
AUDIT_LINE_POINT_STABILITY=[2, 7, 2, 124]
LOCAL_LINE_FACTOR_VALUATION=[2, 12]
FACTOR_DIAGNOSTIC=[2, [0, 0, 0], 52, 26, [1, 4096, 10], 104]
AUDIT_UNIT_SQRT_RESIDUAL=[2, 20, 2, 74]
P2_AUGMENTED_FACTOR_RECORDS=[2, 4, 1, [[1, 80, 40, [1, 4096, 10], 50, 44], [2, 52, 26, [1, 4096, 10], 62, 56]]]
P2_AUGMENTED_ZETA_MARGINS=[2, 18] BIT=1
STATUS=PASS_P2_AUGMENTED_DIAGNOSTIC
