AUDIT_TARGET_MODEL=[3, [2, 3], 0, 0, 160, 6, 314]
AUDIT_RELATIVE_QUADRATIC_MODELS_PASS=1
PLACE1_MAXIMAL_ORDER_DIAGNOSTIC=[[0, 0, 0, [1, 1, 0]], [0, 0, 0, [1, 1, 0]]]
P2_RESOLVED_FORMAL_NEWTON_STEP=["C", 0, 1, 19, 18]
P2_RESOLVED_FORMAL_NEWTON_STEP=["C", 0, 2, 20, 18]
P2_RESOLVED_FORMAL_NEWTON_STEP=["C", 0, 3, 22, 18]
P2_RESOLVED_FORMAL_NEWTON_STEP=["C", 0, 4, 26, 18]
P2_RESOLVED_FORMAL_NEWTON_STEP=["C", 0, 5, 34, 18]
P2_RESOLVED_FORMAL_NEWTON_STEP=["C", 0, 6, 50, 18]
P2_RESOLVED_FORMAL_NEWTON_STEP=["C", 0, 7, 82, 18]
P2_RESOLVED_FORMAL_SOURCE_RECORD=["C", 0, 77, 18]
AUDIT_C0_POINT_ERROR_FLOOR=63
P2_TRIPLE_KERNEL_SOURCE_RECORD=["P2", "g", 77, 0]
AUDIT_KERNEL_POINT_ERROR_FLOOR=[3, 61]
AUDIT_CONIC_POINT_STABILITY=[6, 3, 63, 16, 134, 118]
AUDIT_CONIC_POINT_STABILITY=[7, 3, 61, 18, 130, 112]
AUDIT_LINE_POINT_STABILITY=[1, 6, 4, 238]
AUDIT_LINE_POINT_STABILITY=[1, 7, 4, 230]
LOCAL_LINE_FACTOR_VALUATION=[1, 18]
FACTOR_DIAGNOSTIC=[1, [1, 1, 0], 120, 60, [1, 4096, 10], 120]
AUDIT_UNIT_SQRT_RESIDUAL=[1, 40, 4, 69]
AUDIT_LINE_POINT_STABILITY=[2, 6, 4, 236]
AUDIT_LINE_POINT_STABILITY=[2, 7, 4, 224]
LOCAL_LINE_FACTOR_VALUATION=[2, 24]
FACTOR_DIAGNOSTIC=[2, [1, 1, 0], 152, 76, [1, 4096, 10], 152]
AUDIT_UNIT_SQRT_RESIDUAL=[2, 40, 4, 68]
P2_AUGMENTED_FACTOR_RECORDS=[2, 3, 1, [[1, 120, 60, [1, 4096, 10], 71, 66], [2, 152, 76, [1, 4096, 10], 86, 84]]]
P2_AUGMENTED_ZETA_MARGINS=[19, 2] BIT=0
STATUS=PASS_P2_AUGMENTED_DIAGNOSTIC
