ORIGINAL_WORKSPACE_USED=false
SAGE_PYTHON=/tmp/beal357-p23-sage-runtime-v1/env/bin/python3.12
SAGE_SERIALIZED_BOUNDARY=PASS_GRADED_TENSORS_75D_CHART_D4
REPLAY_START_STAGE=scalar
STAGE=replay_p23_B124_padic_KM_scalar75_v1.sage EXIT=0 WALL_SECONDS=40.069314
PADIC_KM_START precision=8
PADIC_KM_DONE precision=8 elapsed=16.184
PADIC_KM_START precision=10
PADIC_KM_DONE precision=10 elapsed=29.064
P23_B124_PADIC_KM_STATUS=PASS_PADIC_KM_GROUP_LAW_AND_75D_AT_23_POWER_8_AND_10
COMPARISONS=p23_B124_padic_KM_scalar75_v1.json=INVARIANT_JSON_EXACT,p23_B124_padic_75D_classes_v1.sobj=CACHE_REGENERATED_JSON_BINDS_MATHEMATICS
STAGE=decode_p23_B124_75D_formal_chart_v1.sage EXIT=0 WALL_SECONDS=14.826219
FORMAL_DECODE_START precision=8
FORMAL_DECODE_DONE precision=8 elapsed=1.684
FORMAL_DECODE_START precision=10
FORMAL_DECODE_DONE precision=10 elapsed=3.719
P23_B124_FORMAL_DECODE_STATUS=PASS_75D_THREE_POINT_FORMAL_CHART_NEWTON_AT_23_POWER_8_AND_10
COMPARISONS=p23_B124_75D_formal_chart_decode_v1.json=INVARIANT_JSON_EXACT,p23_B124_75D_formal_chart_points_v1.sobj=CACHE_REGENERATED_JSON_BINDS_MATHEMATICS
STAGE=compute_p23_B124_first_branchwise_log_v1.sage EXIT=0 WALL_SECONDS=7.181658
LOCAL_LOG_START precision=8
LOCAL_LOG_DONE precision=8 elapsed=0.106
LOCAL_LOG_START precision=10
LOCAL_LOG_DONE precision=10 elapsed=0.135
P23_B124_FIRST_LOG_STATUS=PASS_FIRST_BRANCHWISE_ABELIAN_LOG_COLUMN_AT_23_POWER_8_AND_10
COMPARISONS=p23_B124_first_branchwise_log_v1.json=INVARIANT_JSON_EXACT,p23_B124_first_branchwise_log_v1.sobj=CACHE_REGENERATED_JSON_BINDS_MATHEMATICS
UPSTREAM_RECONSTRUCTION=PASS_AUTHENTICATED_BOUNDARY_FROM_SCALAR_THROUGH_D4_LOG
