PASS_PUTZ_HUNTER_LOCAL_ALGEBRA_COVERING_V6
static_model=FOUR_PARAMETER_SECTORS_PLUS_FINITE_STRUCTURAL_STABILITY_PROJECTORS
parameter_partition=ORDINARY_ZERO_ONE_INFINITY
local_covering_representatives=2+8+6+10
p2_target_algebras=2
p2_S1_representatives=1;classes=u1+u2+u4:1
p2_S2_representatives=1;classes=u1+u2+u4:1
p2_S3_representatives=1;classes=u1+u3+u3:1
p3_target_algebras=8
p3_S0_representatives=9;classes=q+rel1:6,q+rel2:3
p3_S1_r1_representatives=18;classes=q+q6m:9,q+q6p:9
p3_S1_rge2_representatives=1;classes=q+q+q5:1
p3_S2_r1_representatives=18;classes=q+q+q+q2m+q2p:6,q+q+q2m+q3:12
p3_S2_r2_representatives=18;classes=q+q+q+q2m+q2p:6,q+q+q2m+q3:12
p3_S3_representatives=1;classes=q7:1
p5_target_algebras=6
p5_S0_representatives=75;classes=q+q2+q4m:10,q+q2+q4p:5,q2+q5a:20,q2+q5b:40
p5_S1_r1_representatives=100;classes=q+q2+q4p:20,q2+q5a:80
p5_S1_r2_representatives=100;classes=q+q2+q4p:20,q2+q5a:80
p5_S2_representatives=1;classes=q2+q2+q3:1
p5_S3_representatives=1;classes=q7:1
p7_target_algebras=10
p7_S0_representatives=245;classes=q+q6a1:7,q+q6a2:14,q+q6a4:14,q7a1:42,q7a2:84,q7a4:84
p7_S1_representatives=1;classes=q2+q5:1
p7_S2_representatives=3;classes=q3a1+q4:1,q3a2+q4:1,q3a4+q4:1
p7_S3_r1_representatives=294;classes=q+q6a1:42,q7a1:252
p7_S3_rge2_representatives=294;classes=q+q6a1:42,q7a1:252
finite_representative_rows=1182
finite_classification_ledger_sha256=db996475441341ae5736d768441a70ece6c025c8900d790571a324b075b151d3
precision_replay=35_AND_45_IDENTICAL
remaining_local_algebra_covering_boundary=NONE
